=== RUN   TestFourCoreBudget
--- PASS: TestFourCoreBudget (0.00s)
=== RUN   TestParallelGroupsCPU4
    alpha05_test.go:55: GOMAXPROCS=4 correctness test, mixed STORE/Zstandard; not a physical four-core benchmark
--- PASS: TestParallelGroupsCPU4 (1.05s)
=== RUN   TestParallelGroupsCancellation
--- PASS: TestParallelGroupsCancellation (0.35s)
=== RUN   TestOwnedTempCleanup
--- PASS: TestOwnedTempCleanup (0.00s)
=== RUN   TestCleanupLeavesForeignTempAlone
--- PASS: TestCleanupLeavesForeignTempAlone (0.00s)
=== RUN   TestCleanupOrphanRecovery
--- PASS: TestCleanupOrphanRecovery (0.00s)
=== RUN   TestAlpha04SampleCompatibility
--- PASS: TestAlpha04SampleCompatibility (0.00s)
=== RUN   TestRoundTrip
=== RUN   TestRoundTrip/zip-level-1
=== RUN   TestRoundTrip/zip-level-6
=== RUN   TestRoundTrip/zip-level-9
=== RUN   TestRoundTrip/faw-level-1
=== RUN   TestRoundTrip/faw-level-6
=== RUN   TestRoundTrip/faw-level-9
--- PASS: TestRoundTrip (0.25s)
    --- PASS: TestRoundTrip/zip-level-1 (0.02s)
    --- PASS: TestRoundTrip/zip-level-6 (0.04s)
    --- PASS: TestRoundTrip/zip-level-9 (0.04s)
    --- PASS: TestRoundTrip/faw-level-1 (0.02s)
    --- PASS: TestRoundTrip/faw-level-6 (0.02s)
    --- PASS: TestRoundTrip/faw-level-9 (0.11s)
=== RUN   TestNoOverwrite
--- PASS: TestNoOverwrite (0.00s)
=== RUN   TestInsideSource
--- PASS: TestInsideSource (0.00s)
=== RUN   TestBadNames
--- PASS: TestBadNames (0.00s)
=== RUN   TestTraversal
--- PASS: TestTraversal (0.00s)
=== RUN   TestDuplicatesAndConflicts
--- PASS: TestDuplicatesAndConflicts (0.00s)
=== RUN   TestLegacyFAWIntegrity
--- PASS: TestLegacyFAWIntegrity (0.01s)
=== RUN   TestCRC
--- PASS: TestCRC (0.00s)
=== RUN   TestCancel
--- PASS: TestCancel (0.00s)
=== RUN   TestSymlink
--- PASS: TestSymlink (0.00s)
=== RUN   TestZipSymlink
--- PASS: TestZipSymlink (0.00s)
=== RUN   TestExistingDestination
--- PASS: TestExistingDestination (0.00s)
=== RUN   TestCentralDirectoryLimit
--- PASS: TestCentralDirectoryLimit (0.00s)
=== RUN   TestEmptyZIP
--- PASS: TestEmptyZIP (0.00s)
=== RUN   TestExtractionLimit
--- PASS: TestExtractionLimit (0.00s)
=== RUN   TestMidOperationCancel
--- PASS: TestMidOperationCancel (0.02s)
=== RUN   TestDeclaredSizeLimit
--- PASS: TestDeclaredSizeLimit (0.00s)
=== RUN   TestFAW2LargeMixedBlocks
--- PASS: TestFAW2LargeMixedBlocks (0.07s)
=== RUN   TestFAW2IntegrityAndTruncation
--- PASS: TestFAW2IntegrityAndTruncation (0.02s)
=== RUN   TestFAW2MaliciousNames
--- PASS: TestFAW2MaliciousNames (0.01s)
=== RUN   TestFAW2DeclaredLimitsAndChunkBounds
--- PASS: TestFAW2DeclaredLimitsAndChunkBounds (0.00s)
=== RUN   TestFAW2ImplicitDirectories
--- PASS: TestFAW2ImplicitDirectories (0.00s)
=== RUN   TestFAW2DecoderBounds
--- PASS: TestFAW2DecoderBounds (0.00s)
=== RUN   TestDeepPathRejected
--- PASS: TestDeepPathRejected (0.00s)
=== RUN   TestFAW2ZstdOutputCap
--- PASS: TestFAW2ZstdOutputCap (0.00s)
=== RUN   TestFAW2NoOverwrite
--- PASS: TestFAW2NoOverwrite (0.01s)
=== RUN   TestFAW3SolidAndView
--- PASS: TestFAW3SolidAndView (0.41s)
=== RUN   TestArchiveViewCompatibility
--- PASS: TestArchiveViewCompatibility (0.05s)
=== RUN   TestFAW3MaliciousRecords
--- PASS: TestFAW3MaliciousRecords (0.04s)
=== RUN   TestFAW3Corruption
--- PASS: TestFAW3Corruption (0.01s)
=== RUN   TestRemoteLongUnicodePaths
--- PASS: TestRemoteLongUnicodePaths (0.01s)
=== RUN   TestFAW3HeaderQuotas
--- PASS: TestFAW3HeaderQuotas (0.00s)
=== RUN   TestSolidSimilarFilesBenefit
    faw3_test.go:251: Similar-file synthetic fixture only; not a universal ratio or competitor claim
--- PASS: TestSolidSimilarFilesBenefit (0.04s)
=== RUN   TestFAW3NonOverwrite
--- PASS: TestFAW3NonOverwrite (0.00s)
=== RUN   TestIndexedMultiGroupExact
--- PASS: TestIndexedMultiGroupExact (0.92s)
=== RUN   TestPreviewAllFormats
=== RUN   TestPreviewAllFormats/faw1
=== RUN   TestPreviewAllFormats/faw2
=== RUN   TestPreviewAllFormats/faw3
=== RUN   TestPreviewAllFormats/zip
=== RUN   TestPreviewAllFormats/old3
--- PASS: TestPreviewAllFormats (0.02s)
    --- PASS: TestPreviewAllFormats/faw1 (0.00s)
    --- PASS: TestPreviewAllFormats/faw2 (0.00s)
    --- PASS: TestPreviewAllFormats/faw3 (0.01s)
    --- PASS: TestPreviewAllFormats/zip (0.01s)
    --- PASS: TestPreviewAllFormats/old3 (0.00s)
=== RUN   TestPreviewPolicy
--- PASS: TestPreviewPolicy (0.00s)
=== RUN   TestIndexedMetadataTamper
--- PASS: TestIndexedMetadataTamper (0.01s)
=== RUN   TestIndexedCancelPipeline
--- PASS: TestIndexedCancelPipeline (0.02s)
=== RUN   TestFiveGiBOptIn
    indexed_test.go:208: opt-in engineering stress test
--- SKIP: TestFiveGiBOptIn (0.00s)
=== RUN   TestPreviewOfficePolicy
=== RUN   TestPreviewOfficePolicy/normal
=== RUN   TestPreviewOfficePolicy/macro
=== RUN   TestPreviewOfficePolicy/external
--- PASS: TestPreviewOfficePolicy (0.00s)
    --- PASS: TestPreviewOfficePolicy/normal (0.00s)
    --- PASS: TestPreviewOfficePolicy/macro (0.00s)
    --- PASS: TestPreviewOfficePolicy/external (0.00s)
=== RUN   TestMakeReleaseDemo
    indexed_test.go:296: release helper
--- SKIP: TestMakeReleaseDemo (0.00s)
=== RUN   TestIndexedDeepValidation
=== RUN   TestIndexedDeepValidation/../escape
=== RUN   TestIndexedDeepValidation//absolute
=== RUN   TestIndexedDeepValidation/CON
=== RUN   TestIndexedDeepValidation/a:stream
=== RUN   TestIndexedDeepValidation/a\b
=== RUN   TestIndexedDeepValidation/a/../x
=== RUN   TestIndexedDeepValidation/trailing._
=== RUN   TestIndexedDeepValidation/good.txt
--- PASS: TestIndexedDeepValidation (0.00s)
    --- PASS: TestIndexedDeepValidation/../escape (0.00s)
    --- PASS: TestIndexedDeepValidation//absolute (0.00s)
    --- PASS: TestIndexedDeepValidation/CON (0.00s)
    --- PASS: TestIndexedDeepValidation/a:stream (0.00s)
    --- PASS: TestIndexedDeepValidation/a\b (0.00s)
    --- PASS: TestIndexedDeepValidation/a/../x (0.00s)
    --- PASS: TestIndexedDeepValidation/trailing._ (0.00s)
    --- PASS: TestIndexedDeepValidation/good.txt (0.00s)
=== RUN   FuzzSafeName
=== RUN   FuzzSafeName/seed#0
=== RUN   FuzzSafeName/seed#1
=== RUN   FuzzSafeName/seed#2
=== RUN   FuzzSafeName/seed#3
--- PASS: FuzzSafeName (0.00s)
    --- PASS: FuzzSafeName/seed#0 (0.00s)
    --- PASS: FuzzSafeName/seed#1 (0.00s)
    --- PASS: FuzzSafeName/seed#2 (0.00s)
    --- PASS: FuzzSafeName/seed#3 (0.00s)
=== RUN   FuzzFAW2Parser
=== RUN   FuzzFAW2Parser/seed#0
=== RUN   FuzzFAW2Parser/seed#1
=== RUN   FuzzFAW2Parser/seed#2
--- PASS: FuzzFAW2Parser (0.00s)
    --- PASS: FuzzFAW2Parser/seed#0 (0.00s)
    --- PASS: FuzzFAW2Parser/seed#1 (0.00s)
    --- PASS: FuzzFAW2Parser/seed#2 (0.00s)
=== RUN   FuzzFAW3Parser
=== RUN   FuzzFAW3Parser/seed#0
--- PASS: FuzzFAW3Parser (0.00s)
    --- PASS: FuzzFAW3Parser/seed#0 (0.00s)
=== RUN   FuzzIndexedCatalogue
=== RUN   FuzzIndexedCatalogue/seed#0
=== RUN   FuzzIndexedCatalogue/seed#1
--- PASS: FuzzIndexedCatalogue (0.01s)
    --- PASS: FuzzIndexedCatalogue/seed#0 (0.00s)
    --- PASS: FuzzIndexedCatalogue/seed#1 (0.00s)
PASS
ok  	fawusk	4.387s
